
     Program PWSCF v.7.4.1 starts on 19Mar2025 at  4:27: 4 

     This program is part of the open-source Quantum ESPRESSO suite
     for quantum simulation of materials; please cite
         "P. Giannozzi et al., J. Phys.:Condens. Matter 21 395502 (2009);
         "P. Giannozzi et al., J. Phys.:Condens. Matter 29 465901 (2017);
         "P. Giannozzi et al., J. Chem. Phys. 152 154105 (2020);
          URL http://www.quantum-espresso.org", 
     in publications or presentations arising from this work. More details at
     http://www.quantum-espresso.org/quote

     Parallel version (MPI), running on     7 processors

     MPI processes distributed on     1 nodes
     3582 MiB available memory on the printing compute node when the environment starts

     Waiting for input...
     Reading input from standard input

     Current dimensions of program PWSCF are:
     Max number of different atomic species (ntypx) = 10
     Max number of k-points (npk) =  40000
     Max angular momentum in pseudopotentials (lmaxx) =  4

     Atomic positions and unit cell read from directory:
     ../../../../tmp/gr-aa-2L.save/


     R & G space division:  proc/nbgrp/npool/nimage =       7
     Subspace diagonalization in iterative solution of the eigenvalue problem:
     a serial algorithm will be used


     Parallelization info
     --------------------
     sticks:   dense  smooth     PW     G-vecs:    dense   smooth      PW
     Min          51      51     15                 4783     4783     815
     Max          52      52     16                 4800     4800     838
     Sum         361     361    109                33523    33523    5791

     Using Slab Decomposition



     bravais-lattice index     =            4
     lattice parameter (alat)  =       4.6561  a.u.
     unit-cell volume          =     532.1899 (a.u.)^3
     number of atoms/cell      =            4
     number of atomic types    =            1
     number of electrons       =        16.00
     number of Kohn-Sham states=           16
     kinetic-energy cutoff     =      60.0000  Ry
     charge density cutoff     =     240.0000  Ry
     Exchange-correlation= PBE
                           (   1   4   3   4   0   0   0)

     celldm(1)=   4.656107  celldm(2)=   0.000000  celldm(3)=   6.087896
     celldm(4)=   0.000000  celldm(5)=   0.000000  celldm(6)=   0.000000

     crystal axes: (cart. coord. in units of alat)
               a(1) = (   1.000000   0.000000   0.000000 )  
               a(2) = (  -0.500000   0.866025   0.000000 )  
               a(3) = (   0.000000   0.000000   6.087896 )  

     reciprocal axes: (cart. coord. in units 2 pi/alat)
               b(1) = (  1.000000  0.577350 -0.000000 )  
               b(2) = (  0.000000  1.154701  0.000000 )  
               b(3) = (  0.000000 -0.000000  0.164260 )  


     PseudoPot. # 1 for C  read from file:
     ../../../../pseudo/C.pbe-n-rrkjus_psl.0.1.UPF
     MD5 check sum: 96a6a315177d77e6c95bf6fd3870f9e3
     Pseudo is Ultrasoft + core correction, Zval =  4.0
     Generated using &quot;atomic&quot; code by A. Dal Corso  v.6.3MaX
     Using radial grid of 1073 points,  4 beta functions with: 
                l(1) =   0
                l(2) =   0
                l(3) =   1
                l(4) =   1
     Q(r) pseudized with 0 coefficients 


     atomic species   valence    mass     pseudopotential
     C                 4.00    12.01070     C ( 1.00)

     12 Sym. Ops. (no inversion) found



   Cartesian axes

     site n.     atom                  positions (alat units)
         1        C      tau(   1) = (   0.0000000   0.5773503   3.0439478  )
         2        C      tau(   2) = (   0.5000000   0.2886751   3.0439478  )
         3        C      tau(   3) = (   0.0000000   0.5773503   3.2468777  )
         4        C      tau(   4) = (   0.5000000   0.2886751   3.2468777  )

     number of k points=    91  Marzari-Vanderbilt smearing, width (Ry)=  0.0200
                       cart. coord. in units 2pi/alat
        k(    1) = (   0.0000000   0.0000000   0.0000000), wk =   0.0219780
        k(    2) = (   0.0166667   0.0000000   0.0000000), wk =   0.0219780
        k(    3) = (   0.0333333   0.0000000   0.0000000), wk =   0.0219780
        k(    4) = (   0.0500000   0.0000000   0.0000000), wk =   0.0219780
        k(    5) = (   0.0666667   0.0000000   0.0000000), wk =   0.0219780
        k(    6) = (   0.0833333   0.0000000   0.0000000), wk =   0.0219780
        k(    7) = (   0.1000000   0.0000000   0.0000000), wk =   0.0219780
        k(    8) = (   0.1166667   0.0000000   0.0000000), wk =   0.0219780
        k(    9) = (   0.1333333   0.0000000   0.0000000), wk =   0.0219780
        k(   10) = (   0.1500000   0.0000000   0.0000000), wk =   0.0219780
        k(   11) = (   0.1666667   0.0000000   0.0000000), wk =   0.0219780
        k(   12) = (   0.1833333   0.0000000   0.0000000), wk =   0.0219780
        k(   13) = (   0.2000000   0.0000000   0.0000000), wk =   0.0219780
        k(   14) = (   0.2166667   0.0000000   0.0000000), wk =   0.0219780
        k(   15) = (   0.2333333   0.0000000   0.0000000), wk =   0.0219780
        k(   16) = (   0.2500000   0.0000000   0.0000000), wk =   0.0219780
        k(   17) = (   0.2666667   0.0000000   0.0000000), wk =   0.0219780
        k(   18) = (   0.2833333   0.0000000   0.0000000), wk =   0.0219780
        k(   19) = (   0.3000000   0.0000000   0.0000000), wk =   0.0219780
        k(   20) = (   0.3166667   0.0000000   0.0000000), wk =   0.0219780
        k(   21) = (   0.3333333   0.0000000   0.0000000), wk =   0.0219780
        k(   22) = (   0.3500000   0.0000000   0.0000000), wk =   0.0219780
        k(   23) = (   0.3666667   0.0000000   0.0000000), wk =   0.0219780
        k(   24) = (   0.3833333   0.0000000   0.0000000), wk =   0.0219780
        k(   25) = (   0.4000000   0.0000000   0.0000000), wk =   0.0219780
        k(   26) = (   0.4166667   0.0000000   0.0000000), wk =   0.0219780
        k(   27) = (   0.4333333   0.0000000   0.0000000), wk =   0.0219780
        k(   28) = (   0.4500000   0.0000000   0.0000000), wk =   0.0219780
        k(   29) = (   0.4666667   0.0000000   0.0000000), wk =   0.0219780
        k(   30) = (   0.4833333   0.0000000   0.0000000), wk =   0.0219780
        k(   31) = (   0.5000000   0.0000000   0.0000000), wk =   0.0219780
        k(   32) = (   0.5166667   0.0000000   0.0000000), wk =   0.0219780
        k(   33) = (   0.5333333   0.0000000   0.0000000), wk =   0.0219780
        k(   34) = (   0.5500000   0.0000000   0.0000000), wk =   0.0219780
        k(   35) = (   0.5666667   0.0000000   0.0000000), wk =   0.0219780
        k(   36) = (   0.5833333   0.0000000   0.0000000), wk =   0.0219780
        k(   37) = (   0.6000000   0.0000000   0.0000000), wk =   0.0219780
        k(   38) = (   0.6166667   0.0000000   0.0000000), wk =   0.0219780
        k(   39) = (   0.6333333   0.0000000   0.0000000), wk =   0.0219780
        k(   40) = (   0.6500000   0.0000000   0.0000000), wk =   0.0219780
        k(   41) = (   0.6666667   0.0000000   0.0000000), wk =   0.0219780
        k(   42) = (   0.6583333   0.0144338   0.0000000), wk =   0.0219780
        k(   43) = (   0.6500000   0.0288675   0.0000000), wk =   0.0219780
        k(   44) = (   0.6416667   0.0433013   0.0000000), wk =   0.0219780
        k(   45) = (   0.6333333   0.0577350   0.0000000), wk =   0.0219780
        k(   46) = (   0.6250000   0.0721688   0.0000000), wk =   0.0219780
        k(   47) = (   0.6166667   0.0866025   0.0000000), wk =   0.0219780
        k(   48) = (   0.6083333   0.1010363   0.0000000), wk =   0.0219780
        k(   49) = (   0.6000000   0.1154701   0.0000000), wk =   0.0219780
        k(   50) = (   0.5916667   0.1299038   0.0000000), wk =   0.0219780
        k(   51) = (   0.5833333   0.1443376   0.0000000), wk =   0.0219780
        k(   52) = (   0.5750000   0.1587713   0.0000000), wk =   0.0219780
        k(   53) = (   0.5666667   0.1732051   0.0000000), wk =   0.0219780
        k(   54) = (   0.5583333   0.1876388   0.0000000), wk =   0.0219780
        k(   55) = (   0.5500000   0.2020726   0.0000000), wk =   0.0219780
        k(   56) = (   0.5416667   0.2165064   0.0000000), wk =   0.0219780
        k(   57) = (   0.5333333   0.2309401   0.0000000), wk =   0.0219780
        k(   58) = (   0.5250000   0.2453739   0.0000000), wk =   0.0219780
        k(   59) = (   0.5166667   0.2598076   0.0000000), wk =   0.0219780
        k(   60) = (   0.5083333   0.2742414   0.0000000), wk =   0.0219780
        k(   61) = (   0.5000000   0.2886751   0.0000000), wk =   0.0219780
        k(   62) = (   0.4833333   0.2790526   0.0000000), wk =   0.0219780
        k(   63) = (   0.4666667   0.2694301   0.0000000), wk =   0.0219780
        k(   64) = (   0.4500000   0.2598076   0.0000000), wk =   0.0219780
        k(   65) = (   0.4333333   0.2501851   0.0000000), wk =   0.0219780
        k(   66) = (   0.4166667   0.2405626   0.0000000), wk =   0.0219780
        k(   67) = (   0.4000000   0.2309401   0.0000000), wk =   0.0219780
        k(   68) = (   0.3833333   0.2213176   0.0000000), wk =   0.0219780
        k(   69) = (   0.3666667   0.2116951   0.0000000), wk =   0.0219780
        k(   70) = (   0.3500000   0.2020726   0.0000000), wk =   0.0219780
        k(   71) = (   0.3333333   0.1924501   0.0000000), wk =   0.0219780
        k(   72) = (   0.3166667   0.1828276   0.0000000), wk =   0.0219780
        k(   73) = (   0.3000000   0.1732051   0.0000000), wk =   0.0219780
        k(   74) = (   0.2833333   0.1635826   0.0000000), wk =   0.0219780
        k(   75) = (   0.2666667   0.1539601   0.0000000), wk =   0.0219780
        k(   76) = (   0.2500000   0.1443376   0.0000000), wk =   0.0219780
        k(   77) = (   0.2333333   0.1347151   0.0000000), wk =   0.0219780
        k(   78) = (   0.2166667   0.1250926   0.0000000), wk =   0.0219780
        k(   79) = (   0.2000000   0.1154701   0.0000000), wk =   0.0219780
        k(   80) = (   0.1833333   0.1058475   0.0000000), wk =   0.0219780
        k(   81) = (   0.1666667   0.0962250   0.0000000), wk =   0.0219780
        k(   82) = (   0.1500000   0.0866025   0.0000000), wk =   0.0219780
        k(   83) = (   0.1333333   0.0769800   0.0000000), wk =   0.0219780
        k(   84) = (   0.1166667   0.0673575   0.0000000), wk =   0.0219780
        k(   85) = (   0.1000000   0.0577350   0.0000000), wk =   0.0219780
        k(   86) = (   0.0833333   0.0481125   0.0000000), wk =   0.0219780
        k(   87) = (   0.0666667   0.0384900   0.0000000), wk =   0.0219780
        k(   88) = (   0.0500000   0.0288675   0.0000000), wk =   0.0219780
        k(   89) = (   0.0333333   0.0192450   0.0000000), wk =   0.0219780
        k(   90) = (   0.0166667   0.0096225   0.0000000), wk =   0.0219780
        k(   91) = (   0.0000000   0.0000000   0.0000000), wk =   0.0219780

     Dense  grid:    33523 G-vectors     FFT dimensions: (  24,  24, 144)

     Estimated max dynamical RAM per process >       5.71 MB

     Estimated total dynamical RAM >      39.96 MB

     Check: negative core charge=   -0.000004

     The potential is recalculated from file :
     ../../../../tmp/gr-aa-2L.save/charge-density


     negative rho (up, down):  1.056E-03 0.000E+00
     Starting wfcs are   16 randomized atomic wfcs

     Band Structure Calculation
     Davidson diagonalization with overlap
     c_bands:  1 eigenvalues not converged
     c_bands:  1 eigenvalues not converged
     c_bands:  1 eigenvalues not converged
     c_bands:  1 eigenvalues not converged
     c_bands:  2 eigenvalues not converged
     c_bands:  1 eigenvalues not converged
     c_bands:  1 eigenvalues not converged
     c_bands:  1 eigenvalues not converged

     ethr =  6.25E-09,  avg # of iterations = 85.9

     total cpu time spent up to now is       43.3 secs

     End of band structure calculation

          k = 0.0000 0.0000 0.0000 (  4149 PWs)   bands (ev):

   -24.5189 -23.6850 -23.6850 -16.2559 -10.9920 -10.9920  -5.1685   2.7406
     3.3735   3.4687   4.7346   5.6155   5.7460   7.9449   9.4901  11.8488

          k = 0.0167 0.0000 0.0000 (  4143 PWs)   bands (ev):

   -24.5214 -23.6911 -23.6887 -16.2504 -10.9788 -10.9738  -5.1637   2.7144
     3.3802   3.4755   4.7412   5.6222   5.7414   7.9514   9.4965  11.8347

          k = 0.0333 0.0000 0.0000 (  4147 PWs)   bands (ev):

   -24.5292 -23.7094 -23.7012 -16.2339 -10.9394 -10.9207  -5.1493   2.6382
     3.4003   3.4958   4.7610   5.6422   5.7275   7.9707   9.5157  11.7919

          k = 0.0500 0.0000 0.0000 (  4165 PWs)   bands (ev):

   -24.5437 -23.7379 -23.7219 -16.2078 -10.8747 -10.8338  -5.1254   2.5144
     3.4337   3.5298   4.7939   5.6754   5.7044   8.0030   9.5471  11.7204

          k = 0.0667 0.0000 0.0000 (  4169 PWs)   bands (ev):

   -24.5665 -23.7739 -23.7497 -16.1703 -10.7848 -10.7127  -5.0919   2.3454
     3.4804   3.5772   4.8401   5.6721   5.7219   8.0481   9.5910  11.6201

          k = 0.0833 0.0000 0.0000 (  4169 PWs)   bands (ev):

   -24.6003 -23.8135 -23.7842 -16.1223 -10.6705 -10.5594  -5.0489   2.1362
     3.5405   3.6383   4.8995   5.6306   5.7817   8.1061   9.6465  11.4912

          k = 0.1000 0.0000 0.0000 (  4169 PWs)   bands (ev):

   -24.6480 -23.8524 -23.8250 -16.0636 -10.5326 -10.3757  -4.9964   1.8914
     3.6138   3.7129   4.9720   5.5799   5.8545   8.1769   9.7129  11.3348

          k = 0.1167 0.0000 0.0000 (  4175 PWs)   bands (ev):

   -24.7123 -23.8863 -23.8714 -15.9949 -10.3722 -10.1637  -4.9345   1.6141
     3.7003   3.8010   5.0576   5.5201   5.9404   8.2604   9.7878  11.1537

          k = 0.1333 0.0000 0.0000 (  4171 PWs)   bands (ev):

   -24.7943 -23.9222 -23.9125 -15.9152 -10.1905  -9.9250  -4.8632   1.3127
     3.8000   3.9027   5.1564   5.4512   6.0392   8.3567   9.8668  10.9540

          k = 0.1500 0.0000 0.0000 (  4179 PWs)   bands (ev):

   -24.8938 -23.9767 -23.9296 -15.8250  -9.9890  -9.6621  -4.7827   0.9895
     3.9127   4.0179   5.2683   5.3732   6.1507   8.4656   9.9368  10.7510

          k = 0.1667 0.0000 0.0000 (  4169 PWs)   bands (ev):

   -25.0088 -24.0337 -23.9377 -15.7245  -9.7687  -9.3771  -4.6929   0.6492
     4.0383   4.1466   5.2863   5.3933   6.2746   8.5869   9.9585  10.5868

          k = 0.1833 0.0000 0.0000 (  4167 PWs)   bands (ev):

   -25.1370 -24.0928 -23.9381 -15.6138  -9.5312  -9.0715  -4.5938   0.2924
     4.1767   4.2888   5.1906   5.5313   6.4103   8.7207   9.8584  10.5385

          k = 0.2000 0.0000 0.0000 (  4179 PWs)   bands (ev):

   -25.2757 -24.1532 -23.9321 -15.4927  -9.2780  -8.7483  -4.4858  -0.0729
     4.3274   4.4445   5.0860   5.6823   6.5569   8.8665   9.6377  10.6093

          k = 0.2167 0.0000 0.0000 (  4175 PWs)   bands (ev):

   -25.4217 -24.2132 -23.9209 -15.3611  -9.0104  -8.4088  -4.3685  -0.4481
     4.4902   4.6136   4.9730   5.8462   6.7131   9.0242   9.3604  10.7407

          k = 0.2333 0.0000 0.0000 (  4163 PWs)   bands (ev):

   -25.5732 -24.2726 -23.9056 -15.2200  -8.7297  -8.0551  -4.2423  -0.8278
     4.6644   4.7961   4.8516   6.0230   6.8756   9.0623   9.1932  10.9032

          k = 0.2500 0.0000 0.0000 (  4163 PWs)   bands (ev):

   -25.7280 -24.3304 -23.8876 -15.0703  -8.4378  -7.6892  -4.1071  -1.2125
     4.7221   4.8485   4.9920   6.2124   7.0380   8.7640   9.3729  11.0868

          k = 0.2667 0.0000 0.0000 (  4174 PWs)   bands (ev):

   -25.8845 -24.3860 -23.8677 -14.9102  -8.1362  -7.3132  -3.9630  -1.5994
     4.5848   5.0412   5.2012   6.4143   7.1852   8.4897   9.5622  11.2880

          k = 0.2833 0.0000 0.0000 (  4170 PWs)   bands (ev):

   -26.0410 -24.4386 -23.8465 -14.7406  -7.8260  -6.9286  -3.8098  -1.9870
     4.4399   5.2389   5.4237   6.6285   7.2780   8.2860   9.7593  11.3091

          k = 0.3000 0.0000 0.0000 (  4172 PWs)   bands (ev):

   -26.1964 -24.4878 -23.8247 -14.5620  -7.5091  -6.5372  -3.6475  -2.3738
     4.2878   5.4342   5.6592   6.8547   7.2522   8.2276   9.9608  10.8926

          k = 0.3167 0.0000 0.0000 (  4170 PWs)   bands (ev):

   -26.3495 -24.5326 -23.8030 -14.3745  -7.1869  -6.1410  -3.4757  -2.7586
     4.1289   5.6112   5.9076   7.0923   7.1131   8.3277  10.1605  10.4695

          k = 0.3333 0.0000 0.0000 (  4170 PWs)   bands (ev):

   -26.4994 -24.5734 -23.7819 -14.1777  -6.8604  -5.7414  -3.2943  -3.1409
     3.9636   5.7331   6.1688   6.9658   7.3404   8.5207  10.0407  10.3446

          k = 0.3500 0.0000 0.0000 (  4176 PWs)   bands (ev):

   -26.6454 -24.6094 -23.7620 -13.9733  -6.5319  -5.3411  -3.5205  -3.1027
     3.7925   5.7374   6.4422   6.9198   7.5979   8.7610   9.6076  10.4828

          k = 0.3667 0.0000 0.0000 (  4166 PWs)   bands (ev):

   -26.7866 -24.6397 -23.7436 -13.7616  -6.2029  -4.9423  -3.8942  -2.9002
     3.6160   5.5985   6.7272   7.0211   7.8622   9.0301   9.1712  10.5194

          k = 0.3833 0.0000 0.0000 (  4182 PWs)   bands (ev):

   -26.9226 -24.6647 -23.7276 -13.5415  -5.8745  -4.5472  -4.2628  -2.6859
     3.4346   5.3676   7.0226   7.2275   8.1290   8.7324   9.3207  10.4172

          k = 0.4000 0.0000 0.0000 (  4174 PWs)   bands (ev):

   -27.0522 -24.6833 -23.7140 -13.3134  -5.5483  -4.6228  -4.1590  -2.4583
     3.2491   5.0963   7.3259   7.4923   8.2930   8.3885   9.6294  10.2269

          k = 0.4167 0.0000 0.0000 (  4180 PWs)   bands (ev):

   -27.1758 -24.6962 -23.7036 -13.0796  -5.2258  -4.9804  -3.7804  -2.2158
     3.0598   4.8107   7.6312   7.7921   7.8526   8.6196   9.9543  10.0364

          k = 0.4333 0.0000 0.0000 (  4168 PWs)   bands (ev):

   -27.2925 -24.7025 -23.6967 -12.8389  -5.3307  -4.9086  -3.4148  -1.9565
     2.8674   4.5235   7.4130   7.9218   8.1167   8.7826   9.9367  10.2947

          k = 0.4500 0.0000 0.0000 (  4172 PWs)   bands (ev):

   -27.4022 -24.7027 -23.6938 -12.5931  -5.6730  -4.5984  -3.0657  -1.6793
     2.6725   4.2411   6.9753   8.1424   8.4613   8.8728  10.0028  10.6497

          k = 0.4667 0.0000 0.0000 (  4164 PWs)   bands (ev):

   -27.5043 -24.6963 -23.6951 -12.3424  -6.0074  -4.2967  -2.7348  -1.3835
     2.4758   3.9676   6.5406   8.1784   8.8234   9.0300  10.2179  11.0191

          k = 0.4833 0.0000 0.0000 (  4150 PWs)   bands (ev):

   -27.5988 -24.6834 -23.7012 -12.0877  -6.3343  -4.0056  -2.4232  -1.0703
     2.2777   3.7057   6.1102   8.0349   9.2015   9.3183  10.5163  11.4026

          k = 0.5000 0.0000 0.0000 (  4156 PWs)   bands (ev):

   -27.6856 -24.6641 -23.7125 -11.8297  -6.6523  -3.7263  -2.1300  -0.7424
     2.0789   3.4577   5.6857   7.8173   9.5949   9.6735  10.8591  11.7999

          k = 0.5167 0.0000 0.0000 (  4156 PWs)   bands (ev):

   -27.7646 -24.6383 -23.7292 -11.5696  -6.9626  -3.4612  -1.8535  -0.4040
     1.8798   3.2254   5.2689   7.5790  10.0029  10.0614  11.2295  12.2108

          k = 0.5333 0.0000 0.0000 (  4156 PWs)   bands (ev):

   -27.8352 -24.6065 -23.7512 -11.3066  -7.2632  -3.2115  -1.5909  -0.0595
     1.6810   3.0107   4.8615   7.3405  10.4253  10.4704  11.6198  12.6353

          k = 0.5500 0.0000 0.0000 (  4156 PWs)   bands (ev):

   -27.8976 -24.5684 -23.7794 -11.0447  -7.5546  -2.9803  -1.3403   0.2857
     1.4829   2.8150   4.4663   7.1118  10.8615  10.8958  12.0260  13.0728

          k = 0.5667 0.0000 0.0000 (  4142 PWs)   bands (ev):

   -27.9514 -24.5240 -23.8135 -10.7841  -7.8364  -2.7694  -1.1002   0.6271
     1.2861   2.6400   4.0862   6.8990  11.3111  11.3353  12.4454  13.5228

          k = 0.5833 0.0000 0.0000 (  4144 PWs)   bands (ev):

   -27.9970 -24.4743 -23.8539 -10.5259  -8.1092  -2.5820  -0.8693   0.9597
     1.0903   2.4875   3.7234   6.7065  11.7740  11.7871  12.8756  13.9841

          k = 0.6000 0.0000 0.0000 (  4140 PWs)   bands (ev):

   -28.0343 -24.4191 -23.9006 -10.2707  -8.3716  -2.4203  -0.6473   0.8963
     1.2787   2.3589   3.3826   6.5390  12.2479  12.2510  13.3128  14.4529

          k = 0.6167 0.0000 0.0000 (  4154 PWs)   bands (ev):

   -28.0632 -24.3588 -23.9539 -10.0216  -8.6246  -2.2889  -0.4342   0.7042
     1.5790   2.2561   3.0672   6.4005  12.7191  12.7369  13.7477  14.8442

          k = 0.6333 0.0000 0.0000 (  4166 PWs)   bands (ev):

   -28.0838 -24.2938 -24.0135  -9.7800  -8.8677  -2.1910  -0.2305   0.5146
     1.8554   2.1807   2.7818   6.2960  13.1908  13.2326  14.1343  14.6974

          k = 0.6500 0.0000 0.0000 (  4156 PWs)   bands (ev):

   -28.0960 -24.2244 -24.0792  -9.5460  -9.1007  -2.1297  -0.0362   0.3286
     2.1029   2.1343   2.5304   6.2303  13.6383  13.7276  14.2536  14.4177

          k = 0.6667 0.0000 0.0000 (  4152 PWs)   bands (ev):

   -28.1001 -24.1512 -24.1512  -9.3225  -9.3225  -2.1090   0.1475   0.1475
     2.1185   2.3161   2.3161   6.2076  13.8731  14.1462  14.1462  14.3332

          k = 0.6583 0.0144 0.0000 (  4152 PWs)   bands (ev):

   -28.0960 -24.2291 -24.0746  -9.5349  -9.1116  -2.1301  -0.0269   0.3197
     2.1347   2.1407   2.4920   6.2310  13.7608  13.8869  14.0694  14.1307

          k = 0.6500 0.0289 0.0000 (  4156 PWs)   bands (ev):

   -28.0841 -24.3128 -23.9952  -9.7369  -8.9131  -2.1937  -0.1930   0.4795
     2.0037   2.1843   2.6295   6.3008  13.5845  13.6401  13.8191  13.9149

          k = 0.6417 0.0433 0.0000 (  4148 PWs)   bands (ev):

   -28.0644 -24.4017 -23.9138  -9.9287  -8.7287  -2.2966  -0.3490   0.6260
     1.9029   2.2681   2.7307   6.4146  13.4042  13.4062  13.5822  13.6851

          k = 0.6333 0.0577 0.0000 (  4144 PWs)   bands (ev):

   -28.0373 -24.4958 -23.8309 -10.1104  -8.5595  -2.4348  -0.4943   0.7581
     1.8334   2.3869   2.8004   6.5668  13.1851  13.2291  13.3588  13.4600

          k = 0.6250 0.0722 0.0000 (  4160 PWs)   bands (ev):

   -28.0030 -24.5946 -23.7473 -10.2808  -8.4057  -2.6003  -0.6294   0.8753
     1.7907   2.5410   2.8448   6.7504  12.9773  13.0620  13.1489  13.2434

          k = 0.6167 0.0866 0.0000 (  4172 PWs)   bands (ev):

   -27.9618 -24.6978 -23.6635 -10.4411  -8.2679  -2.7858  -0.7547   0.9770
     1.7692   2.7302   2.8706   6.9576  12.7825  12.9040  12.9525  13.0357

          k = 0.6083 0.1010 0.0000 (  4180 PWs)   bands (ev):

   -27.9139 -24.8044 -23.5804 -10.5915  -8.1457  -2.9833  -0.8708   1.0634
     1.7637   2.8841   2.9542   7.1807  12.6008  12.7554  12.7695  12.8363

          k = 0.6000 0.1155 0.0000 (  4182 PWs)   bands (ev):

   -27.8597 -24.9138 -23.4986 -10.7282  -8.0377  -3.1856  -0.9782   1.1347
     1.7699   2.8903   3.2122   7.4130  12.4329  12.6001  12.6170  12.6440

          k = 0.5917 0.1299 0.0000 (  4180 PWs)   bands (ev):

   -27.7998 -25.0257 -23.4192 -10.8554  -7.9443  -3.3881  -1.0773   1.1918
     1.7840   2.8927   3.5028   7.6484  12.2781  12.4443  12.4558  12.4891

          k = 0.5833 0.1443 0.0000 (  4178 PWs)   bands (ev):

   -27.7348 -25.1389 -23.3429 -10.9712  -7.8643  -3.5851  -1.1682   1.2359
     1.8028   2.8937   3.8246   7.8812  12.1367  12.2677  12.3019  12.3719

          k = 0.5750 0.1588 0.0000 (  4186 PWs)   bands (ev):

   -27.6654 -25.2529 -23.2707 -11.0765  -7.7969  -3.7735  -1.2509   1.2685
     1.8243   2.8944   4.1758   8.1068  12.0087  12.0718  12.1731  12.2660

          k = 0.5667 0.1732 0.0000 (  4178 PWs)   bands (ev):

   -27.5921 -25.3664 -23.2031 -11.1702  -7.7403  -3.9492  -1.3253   1.2915
     1.8468   2.8957   4.5546   8.3207  11.8562  11.8942  12.0579  12.1715

          k = 0.5583 0.1876 0.0000 (  4186 PWs)   bands (ev):

   -27.5166 -25.4781 -23.1415 -11.2538  -7.6948  -4.1106  -1.3914   1.3067
     1.8683   2.8975   4.9584   8.5187  11.6025  11.7930  11.9562  12.0886

          k = 0.5500 0.2021 0.0000 (  4188 PWs)   bands (ev):

   -27.4402 -25.5866 -23.0861 -11.3258  -7.6572  -4.2544  -1.4490   1.3159
     1.8888   2.8998   5.3853   8.6972  11.2916  11.7053  11.8680  12.0175

          k = 0.5417 0.2165 0.0000 (  4184 PWs)   bands (ev):

   -27.3647 -25.6891 -23.0379 -11.3869  -7.6272  -4.3790  -1.4979   1.3208
     1.9071   2.9026   5.8323   8.8530  10.9142  11.6311  11.7934  11.9580

          k = 0.5333 0.2309 0.0000 (  4192 PWs)   bands (ev):

   -27.2933 -25.7830 -22.9976 -11.4370  -7.6039  -4.4831  -1.5381   1.3230
     1.9225   2.9051   6.2960   8.9833  10.4787  11.5703  11.7324  11.9100

          k = 0.5250 0.2454 0.0000 (  4198 PWs)   bands (ev):

   -27.2295 -25.8645 -22.9657 -11.4764  -7.5864  -4.5658  -1.5695   1.3234
     1.9349   2.9073   6.7715   9.0863  10.0061  11.5230  11.6849  11.8731

          k = 0.5167 0.2598 0.0000 (  4198 PWs)   bands (ev):

   -27.1778 -25.9286 -22.9424 -11.5043  -7.5742  -4.6251  -1.5919   1.3231
     1.9440   2.9091   7.2480   9.1607   9.5217  11.4893  11.6510  11.8471

          k = 0.5083 0.2742 0.0000 (  4194 PWs)   bands (ev):

   -27.1436 -25.9704 -22.9284 -11.5206  -7.5671  -4.6603  -1.6054   1.3227
     1.9495   2.9102   7.6923   9.0690   9.2057  11.4691  11.6306  11.8317

          k = 0.5000 0.2887 0.0000 (  4184 PWs)   bands (ev):

   -27.1314 -25.9852 -22.9238 -11.5253  -7.5659  -4.6717  -1.6098   1.3225
     1.9510   2.9105   7.9351   8.8219   9.2207  11.4624  11.6239  11.8265

          k = 0.4833 0.2791 0.0000 (  4194 PWs)   bands (ev):

   -27.1254 -25.9800 -22.9272 -11.5626  -7.5171  -4.6906  -1.6426   1.2549
     1.7901   3.1760   7.9423   8.8109   9.2212  11.2078  11.2530  12.1949

          k = 0.4667 0.2694 0.0000 (  4200 PWs)   bands (ev):

   -27.1070 -25.9653 -22.9375 -11.6695  -7.3801  -4.7471  -1.7378   0.9303
     1.7135   3.6841   7.9636   8.7712   9.2177  10.7297  10.8898  11.9376

          k = 0.4500 0.2598 0.0000 (  4194 PWs)   bands (ev):

   -27.0761 -25.9407 -22.9545 -11.8316  -7.1650  -4.8396  -1.8876   0.4395
     1.8076   4.2506   7.9990   8.6944   9.1906  10.2901  10.5371  11.5222

          k = 0.4333 0.2502 0.0000 (  4186 PWs)   bands (ev):

   -27.0329 -25.9064 -22.9778 -12.0349  -6.8891  -4.9666  -2.0844  -0.0845
     1.9692   4.8364   8.0484   8.5634   9.0945   9.9224  10.2354  11.1492

          k = 0.4167 0.2406 0.0000 (  4172 PWs)   bands (ev):

   -26.9776 -25.8626 -23.0074 -12.2656  -6.5651  -5.1264  -2.3235  -0.6026
     2.1658   5.4297   8.1118   8.3684   8.8733   9.6515   9.9963  10.8589

          k = 0.4000 0.2309 0.0000 (  4176 PWs)   bands (ev):

   -26.9108 -25.8100 -23.0427 -12.5129  -6.2052  -5.3171  -2.6054  -1.0966
     2.3829   6.0252   8.1132   8.1889   8.5454   9.4190   9.8061  10.6912

          k = 0.3833 0.2213 0.0000 (  4186 PWs)   bands (ev):

   -26.8330 -25.7481 -23.0832 -12.7689  -5.8165  -5.5356  -2.9344  -1.5507
     2.6118   6.6196   7.8158   8.1748   8.2796   9.1510   9.6309  10.6515

          k = 0.3667 0.2117 0.0000 (  4190 PWs)   bands (ev):

   -26.7443 -25.6775 -23.1284 -13.0276  -5.7785  -5.4049  -3.3140  -1.9542
     2.8460   7.2093   7.4955   7.7976   8.3835   8.8438   9.4359  10.6967

          k = 0.3500 0.2021 0.0000 (  4184 PWs)   bands (ev):

   -26.6450 -25.5987 -23.1775 -13.2848  -6.0429  -4.9766  -3.7407  -2.3052
     3.0813   7.1671   7.4207   7.7985   8.5004   8.5194   9.2053  10.7651

          k = 0.3333 0.1925 0.0000 (  4180 PWs)   bands (ev):

   -26.5359 -25.5122 -23.2299 -13.5387  -6.3256  -4.5359  -4.2038  -2.6110
     3.3137   6.8393   7.0626   8.1795   8.3860   8.6299   8.9438  10.7867

          k = 0.3167 0.1828 0.0000 (  4188 PWs)   bands (ev):

   -26.4180 -25.4185 -23.2848 -13.7869  -6.6234  -4.6892  -4.0839  -2.8823
     3.5408   6.5185   6.7173   7.8645   8.6659   8.7716   8.9469  10.7064

          k = 0.3000 0.1732 0.0000 (  4180 PWs)   bands (ev):

   -26.2913 -25.3182 -23.3413 -14.0263  -6.9323  -5.1853  -3.6237  -3.1275
     3.7605   6.2081   6.3877   7.5536   8.3833   8.9248   9.5026  10.5341

          k = 0.2833 0.1636 0.0000 (  4182 PWs)   bands (ev):

   -26.1577 -25.2117 -23.3987 -14.2583  -7.2498  -5.6832  -3.3528  -3.1573
     3.9712   5.9102   6.0747   7.2554   8.1039   9.0891  10.0385  10.3207

          k = 0.2667 0.1540 0.0000 (  4180 PWs)   bands (ev):

   -26.0177 -25.1005 -23.4562 -14.4783  -7.5719  -6.1777  -3.5614  -2.6881
     4.1716   5.6266   5.7788   6.9718   7.8329   9.2634  10.0641  10.5865

          k = 0.2500 0.1443 0.0000 (  4186 PWs)   bands (ev):

   -25.8730 -24.9853 -23.5129 -14.6881  -7.8962  -6.6639  -3.7556  -2.2186
     4.3609   5.3580   5.5004   6.7037   7.5733   9.4471   9.8284  10.8949

          k = 0.2333 0.1347 0.0000 (  4184 PWs)   bands (ev):

   -25.7248 -24.8667 -23.5676 -14.8854  -8.2188  -7.1382  -3.9364  -1.7488
     4.5384   5.1054   5.2398   6.4519   7.3272   9.5971   9.6389  10.8205

          k = 0.2167 0.1251 0.0000 (  4186 PWs)   bands (ev):

   -25.5750 -24.7464 -23.6195 -15.0703  -8.5368  -7.5979  -4.1046  -1.2824
     4.7029   4.8691   4.9980   6.2168   7.0957   9.3765   9.8376  10.7081

          k = 0.2000 0.1155 0.0000 (  4186 PWs)   bands (ev):

   -25.4256 -24.6252 -23.6673 -15.2431  -8.8472  -8.0403  -4.2605  -0.8216
     4.6495   4.7627   4.8666   5.9985   6.8798   9.1692  10.0417  10.5722

          k = 0.1833 0.1058 0.0000 (  4188 PWs)   bands (ev):

   -25.2792 -24.5049 -23.7098 -15.4029  -9.1471  -8.4626  -4.4042  -0.3690
     4.4468   4.5609   5.0023   5.7974   6.6799   8.9764  10.2493  10.4266

          k = 0.1667 0.0962 0.0000 (  4194 PWs)   bands (ev):

   -25.1387 -24.3866 -23.7458 -15.5500  -9.4340  -8.8622  -4.5357   0.0713
     4.2613   4.3720   5.1306   5.6135   6.4966   8.7992  10.2808  10.4583

          k = 0.1500 0.0866 0.0000 (  4186 PWs)   bands (ev):

   -25.0071 -24.2719 -23.7734 -15.6834  -9.7043  -9.2355  -4.6551   0.4949
     4.0932   4.2007   5.2468   5.4474   6.3302   8.6381  10.1411  10.6661

          k = 0.1333 0.0770 0.0000 (  4198 PWs)   bands (ev):

   -24.8879 -24.1630 -23.7913 -15.8034  -9.9559  -9.5807  -4.7622   0.8988
     3.9424   4.0472   5.2944   5.3550   6.1808   8.4933  10.0108  10.8696

          k = 0.1167 0.0674 0.0000 (  4188 PWs)   bands (ev):

   -24.7842 -24.0609 -23.7976 -15.9093 -10.1855  -9.8945  -4.8570   1.2811
     3.8093   3.9117   5.1650   5.4449   6.0487   8.3653   9.8928  11.0654

          k = 0.1000 0.0577 0.0000 (  4174 PWs)   bands (ev):

   -24.6988 -23.9679 -23.7921 -16.0003 -10.3907 -10.1743  -4.9393   1.6335
     3.6939   3.7942   5.0510   5.5246   5.9342   8.2540   9.7885  11.2494

          k = 0.0833 0.0481 0.0000 (  4170 PWs)   bands (ev):

   -24.6328 -23.8856 -23.7764 -16.0785 -10.5691 -10.4171  -5.0091   1.9479
     3.5961   3.6948   4.9544   5.5922   5.8369   8.1597   9.6987  11.4170

          k = 0.0667 0.0385 0.0000 (  4170 PWs)   bands (ev):

   -24.5851 -23.8156 -23.7537 -16.1425 -10.7185 -10.6203  -5.0664   2.2190
     3.5160   3.6134   4.8753   5.6475   5.7573   8.0825   9.6243  11.5636

          k = 0.0500 0.0289 0.0000 (  4158 PWs)   bands (ev):

   -24.5529 -23.7591 -23.7284 -16.1917 -10.8364 -10.7811  -5.1110   2.4403
     3.4537   3.5501   4.8137   5.6906   5.6954   8.0223   9.5660  11.6842

          k = 0.0333 0.0192 0.0000 (  4154 PWs)   bands (ev):

   -24.5329 -23.7180 -23.7058 -16.2274 -10.9223 -10.8976  -5.1429   2.6043
     3.4092   3.5049   4.7698   5.6510   5.7214   7.9793   9.5240  11.7743

          k = 0.0167 0.0096 0.0000 (  4143 PWs)   bands (ev):

   -24.5222 -23.6933 -23.6900 -16.2485 -10.9744 -10.9677  -5.1621   2.7049
     3.3825   3.4778   4.7434   5.6244   5.7399   7.9535   9.4987  11.8304

          k = 0.0000 0.0000 0.0000 (  4149 PWs)   bands (ev):

   -24.5189 -23.6850 -23.6850 -16.2559 -10.9920 -10.9920  -5.1685   2.7406
     3.3735   3.4687   4.7346   5.6155   5.7460   7.9449   9.4901  11.8488

     Writing all to output data dir ../../../../tmp/gr-aa-2L.save/ :
     XML data file, pseudopotentials, collected wavefunctions

     init_run     :      0.36s CPU      0.66s WALL (       1 calls)
     electrons    :     72.16s CPU     42.56s WALL (       1 calls)

     Called by init_run:
     wfcinit      :      0.00s CPU      0.00s WALL (       1 calls)
     potinit      :      0.01s CPU      0.01s WALL (       1 calls)
     hinit0       :      0.33s CPU      0.62s WALL (       1 calls)

     Called by electrons:
     c_bands      :     72.16s CPU     42.55s WALL (       1 calls)
     v_of_rho     :      0.01s CPU      0.01s WALL (       1 calls)
     newd         :      0.00s CPU      0.01s WALL (       1 calls)

     Called by c_bands:
     init_us_2    :      0.04s CPU      0.02s WALL (      91 calls)
     cegterg      :     70.94s CPU     41.82s WALL (     430 calls)

     Called by *egterg:
     cdiaghg      :      5.90s CPU      3.38s WALL (    7909 calls)
     h_psi        :     50.56s CPU     30.13s WALL (    8339 calls)
     s_psi        :      1.17s CPU      0.70s WALL (    8339 calls)
     g_psi        :      0.61s CPU      0.33s WALL (    7818 calls)

     Called by h_psi:
     h_psi:calbec :      4.67s CPU      2.92s WALL (    8339 calls)
     vloc_psi     :     43.57s CPU     25.77s WALL (    8339 calls)
     add_vuspsi   :      1.86s CPU      1.14s WALL (    8339 calls)

     General routines
     calbec       :      4.60s CPU      2.87s WALL (    8339 calls)
     fft          :      0.31s CPU      0.60s WALL (      12 calls)
     fftw         :     37.69s CPU     22.34s WALL (  155728 calls)
     davcio       :      0.03s CPU      0.03s WALL (     182 calls)

     Parallel routines

     PWSCF        :   1m12.64s CPU     43.48s WALL


   This run was terminated on:   4:27:48  19Mar2025            

=------------------------------------------------------------------------------=
   JOB DONE.
=------------------------------------------------------------------------------=
